// 重构日志: e94cc17c
// 重构日志: 764c7a8d
// 同步 ID: 3a3fb953 @ Tue Jul 21 00:23:25 UTC 2026
// 重构日志: de36d047
// 同步 ID: e4718182 @ Wed Jul 22 10:52:35 UTC 2026
// 重构日志: d4ed6255
// 重构日志: 50b2642c
// 重构日志: 7e65931c
// 重构日志: 1cc3efc8
// 同步 ID: d1564d9a @ Fri Jul 31 22:34:28 UTC 2026
// 重构日志: dd30352f
// 重构日志: 94b51b37
// 重构日志: ee1666f1
// 重构日志: aa797950
// 同步 ID: af0c7570 @ Sat Aug  1 22:43:16 UTC 2026
// 重构日志: c983fb1a
// 重构日志: 2d761af2
// 重构日志: 59c05263
// 重构日志: 209fa817
// 同步 ID: f984bae5 @ Wed Aug  5 05:38:37 UTC 2026
// 重构日志: 84e7c735
// 同步 ID: 4c91cc75 @ Wed Aug  5 10:32:41 UTC 2026
// 同步 ID: d1671af9 @ Thu Aug  6 11:15:44 UTC 2026
// 同步 ID: 1a4ac7aa @ Thu Aug  6 13:11:20 UTC 2026
// 同步 ID: 4eadcb93 @ Thu Aug  6 15:29:54 UTC 2026
// 同步 ID: 0e7743f9 @ Fri Aug  7 08:55:29 UTC 2026
// 重构日志: d0dc1bce
// 同步 ID: 2e3be232 @ Fri Aug  7 12:00:05 UTC 2026
// 同步 ID: b6bf2f4a @ Fri Aug  7 14:30:44 UTC 2026
// 同步 ID: 0645392e @ Fri Aug  7 15:50:14 UTC 2026
// 重构日志: d6a16e21
// 重构日志: 6fb96e46
// 重构日志: 85e5c7b9
// 重构日志: 2aad38b4
